=====================================
      RATIO EDGE CASES REPORT
=====================================

Total Rows in financial_ratios : 1184

1. Negative ROE
('ADANIENSOL', 'Mar 2015', -0.65)
('ADANIGREEN', 'Mar 2017', -3.91)
('ADANIGREEN', 'Mar 2018', -10.29)
('ADANIGREEN', 'Mar 2019', -24.57)
('ADANIGREEN', 'Mar 2020', -2.89)
('ADANIPOWER', 'Mar 2013', -53.45999999999999)
('ADANIPOWER', 'Mar 2014', -4.45)
('ADANIPOWER', 'Mar 2015', -14.25)
('ADANIPOWER', 'Mar 2017', -205.8)
('ADANIPOWER', 'Mar 2018', -236.56)
('ADANIPOWER', 'Mar 2019', -12.76)
('ADANIPOWER', 'Mar 2020', -35.09999999999999)
('BANKBARODA', 'Mar 2016', -11.84)
('BANKBARODA', 'Mar 2018', -3.94)
('BHARTIARTL', 'Mar 2020', -39.75)
('BHARTIARTL', 'Mar 2021', -20.97)
('BHEL', 'Mar 2016', -2.18)
('BHEL', 'Mar 2020', -5.12)
('BHEL', 'Mar 2021', -10.39)
('CANBK', 'Mar 2016', -7.82)
('CANBK', 'Mar 2018', -10.5)
('CANBK', 'Mar 2020', -4.66)
('DLF', 'Mar 2020', -1.71)
('GODREJCP', 'Mar 2024', -4.45)
('HINDALCO', 'Mar 2016', -1.73)
('IOC', 'Mar 2020', -1.97)
('JINDALSTEL', 'Mar 2015', -6.9)
('JINDALSTEL', 'Mar 2016', -9.52)
('JINDALSTEL', 'Mar 2017', -8.450000000000001)
('JINDALSTEL', 'Mar 2018', -5.319999999999999)
('JINDALSTEL', 'Mar 2019', -7.52)
('JINDALSTEL', 'Mar 2020', -1.24)
('JSWSTEEL', 'Mar 2016', -2.54)
('M&M', 'Mar 2020', -0.8)
('NAUKRI', 'Mar 2015', -0.99)
('NAUKRI', 'Mar 2017', -2.7)
('NAUKRI', 'Mar 2020', -11.21)
('NAUKRI', 'Mar 2023', -0.52)
('PNB', 'Mar 2016', -163.56)
('PNB', 'Mar 2016', -163.56)
('PNB', 'Mar 2016', -163.56)
('PNB', 'Mar 2016', -163.56)
('PNB', 'Mar 2016', -163.56)
('PNB', 'Mar 2018', -184.37)
('PNB', 'Mar 2018', -184.37)
('PNB', 'Mar 2018', -184.37)
('PNB', 'Mar 2018', -184.37)
('PNB', 'Mar 2018', -184.37)
('PNB', 'Mar 2019', -128.45)
('PNB', 'Mar 2019', -128.45)
('PNB', 'Mar 2019', -128.45)
('PNB', 'Mar 2019', -128.45)
('PNB', 'Mar 2019', -128.45)
('TATACONSUM', 'Mar 2016', -0.59)
('TATAMOTORS', 'Mar 2019', -47.73)
('TATAMOTORS', 'Mar 2020', -18.98)
('TATAMOTORS', 'Mar 2021', -24.25)
('TATAMOTORS', 'Mar 2022', -25.38)
('TATASTEEL', 'Mar 2013', -21.28)
('TATASTEEL', 'Mar 2015', -12.56)
('TATASTEEL', 'Mar 2016', -1.14)
('TATASTEEL', 'Mar 2017', -11.02)
('TATASTEEL', 'Mar 2024', -5.33)
('TRENT', 'Mar 2013', -2.19)
('TRENT', 'Mar 2014', -1.92)
('TRENT', 'Mar 2021', -7.829999999999999)
('UNIONBANK', 'Mar 2018', -20.64)
('UNIONBANK', 'Mar 2019', -10.89)
('UNIONBANK', 'Mar 2020', -9.18)
('INDIGO', 'Mar 2020', -138.55)
('INDIGO', 'Mar 2021', -1094.15)
('INDIGO', 'Mar 2022', -48.77)
('INDIGO', 'Mar 2023', -40.8)

2. High Debt-to-Equity (>5)
('ADANIENSOL', 'Mar 2015', 8.9575)
('ADANIGREEN', 'Mar 2018', 7.3557)
('ADANIGREEN', 'Mar 2019', 5.7641)
('ADANIGREEN', 'Mar 2020', 6.3072)
('ADANIGREEN', 'Mar 2021', 11.0041)
('ADANIGREEN', 'Mar 2022', 20.2112)
('ADANIGREEN', 'Mar 2023', 7.4237)
('ADANIGREEN', 'Mar 2024', 6.5953)
('ADANIPOWER', 'Mar 2013', 9.7356)
('ADANIPOWER', 'Mar 2014', 6.7477)
('ADANIPOWER', 'Mar 2015', 7.8152)
('ADANIPOWER', 'Mar 2016', 7.0607)
('ADANIPOWER', 'Mar 2017', 17.4947)
('ADANIPOWER', 'Mar 2018', 59.4319)
('ADANIPOWER', 'Mar 2019', 6.0918)
('ADANIPOWER', 'Mar 2020', 8.517)
('AXISBANK', 'Mar 2013', 8.9346)
('AXISBANK', 'Mar 2014', 8.6801)
('AXISBANK', 'Mar 2015', 9.0467)
('AXISBANK', 'Mar 2016', 8.8155)
('AXISBANK', 'Mar 2017', 9.355)
('AXISBANK', 'Mar 2018', 9.5227)
('AXISBANK', 'Mar 2019', 10.5011)
('AXISBANK', 'Mar 2020', 9.2349)
('AXISBANK', 'Mar 2021', 8.2104)
('AXISBANK', 'Mar 2022', 8.633)
('AXISBANK', 'Mar 2023', 8.8768)
('AXISBANK', 'Mar 2024', 8.2491)
('BAJFINANCE', 'Mar 2015', 5.5531)
('BAJFINANCE', 'Mar 2017', 5.1302)
('BAJFINANCE', 'Mar 2019', 5.1575)
('BANKBARODA', 'Mar 2013', 15.2993)
('BANKBARODA', 'Mar 2014', 16.3018)
('BANKBARODA', 'Mar 2015', 15.838)
('BANKBARODA', 'Mar 2016', 14.5998)
('BANKBARODA', 'Mar 2017', 15.0579)
('BANKBARODA', 'Mar 2018', 14.4378)
('BANKBARODA', 'Mar 2019', 13.3547)
('BANKBARODA', 'Mar 2020', 14.0463)
('BANKBARODA', 'Mar 2021', 12.9527)
('BANKBARODA', 'Mar 2022', 12.9024)
('BANKBARODA', 'Mar 2023', 12.7799)
('BANKBARODA', 'Mar 2024', 12.1437)
('CANBK', 'Mar 2013', 14.9364)
('CANBK', 'Mar 2014', 14.8434)
('CANBK', 'Mar 2015', 15.3726)
('CANBK', 'Mar 2016', 15.6344)
('CANBK', 'Mar 2017', 15.4204)
('CANBK', 'Mar 2018', 15.2792)
('CANBK', 'Mar 2019', 16.9855)
('CANBK', 'Mar 2020', 16.2154)
('CANBK', 'Mar 2021', 17.0004)
('CANBK', 'Mar 2022', 16.1894)
('CANBK', 'Mar 2023', 15.8501)
('CANBK', 'Mar 2024', 14.8674)
('CHOLAFIN', 'Mar 2013', 7.8222)
('CHOLAFIN', 'Mar 2014', 7.9034)
('CHOLAFIN', 'Mar 2015', 7.4579)
('CHOLAFIN', 'Mar 2016', 6.1433)
('CHOLAFIN', 'Mar 2017', 5.6005)
('CHOLAFIN', 'Mar 2018', 7.479)
('CHOLAFIN', 'Mar 2019', 8.1455)
('CHOLAFIN', 'Mar 2020', 6.7079)
('CHOLAFIN', 'Mar 2021', 6.6385)
('CHOLAFIN', 'Mar 2022', 5.8776)
('CHOLAFIN', 'Mar 2023', 6.7864)
('CHOLAFIN', 'Mar 2024', 6.8634)
('HDFCBANK', 'Mar 2013', 9.1583)
('HDFCBANK', 'Mar 2014', 9.4341)
('HDFCBANK', 'Mar 2015', 8.0717)
('HDFCBANK', 'Mar 2016', 8.7423)
('HDFCBANK', 'Mar 2017', 8.0784)
('HDFCBANK', 'Mar 2018', 8.6207)
('HDFCBANK', 'Mar 2019', 7.0294)
('HDFCBANK', 'Mar 2020', 7.5587)
('HDFCBANK', 'Mar 2021', 7.2037)
('HDFCBANK', 'Mar 2022', 7.217)
('HDFCBANK', 'Mar 2023', 7.3909)
('HDFCBANK', 'Mar 2024', 6.8088)
('ICICIBANK', 'Mar 2013', 7.0919)
('ICICIBANK', 'Mar 2014', 7.1053)
('ICICIBANK', 'Mar 2015', 7.0504)
('ICICIBANK', 'Mar 2016', 7.1347)
('ICICIBANK', 'Mar 2017', 6.6985)
('ICICIBANK', 'Mar 2018', 7.3687)
('ICICIBANK', 'Mar 2019', 7.8041)
('ICICIBANK', 'Mar 2020', 8.2518)
('ICICIBANK', 'Mar 2021', 7.0046)
('ICICIBANK', 'Mar 2022', 6.8824)
('ICICIBANK', 'Mar 2023', 6.5264)
('ICICIBANK', 'Mar 2024', 6.4456)
('INDUSINDBK', 'Mar 2013', 8.3324)
('INDUSINDBK', 'Mar 2014', 8.3229)
('INDUSINDBK', 'Mar 2015', 8.9019)
('INDUSINDBK', 'Mar 2016', 6.6679)
('INDUSINDBK', 'Mar 2017', 7.2182)
('INDUSINDBK', 'Mar 2018', 7.9664)
('INDUSINDBK', 'Mar 2019', 9.0755)
('INDUSINDBK', 'Mar 2020', 7.5718)
('INDUSINDBK', 'Mar 2021', 7.0916)
('INDUSINDBK', 'Mar 2022', 7.1493)
('INDUSINDBK', 'Mar 2023', 7.0567)
('INDUSINDBK', 'Mar 2024', 6.8857)
('IRFC', 'Mar 2016', 7.5925)
('IRFC', 'Mar 2017', 8.8596)
('IRFC', 'Mar 2018', 9.6213)
('IRFC', 'Mar 2019', 6.9495)
('IRFC', 'Mar 2020', 7.7355)
('IRFC', 'Mar 2021', 8.9977)
('IRFC', 'Mar 2022', 9.4748)
('IRFC', 'Mar 2023', 9.3761)
('IRFC', 'Mar 2024', 8.3784)
('KOTAKBANK', 'Mar 2013', 5.6043)
('KOTAKBANK', 'Mar 2016', 5.3854)
('KOTAKBANK', 'Mar 2017', 5.3318)
('KOTAKBANK', 'Mar 2019', 5.0495)
('LICI', 'Mar 2019', 332.5938)
('LICI', 'Mar 2020', 252.9082)
('LODHA', 'Mar 2019', 6.6756)
('PFC', 'Mar 2013', 5.8899)
('PFC', 'Mar 2014', 5.785)
('PFC', 'Mar 2015', 5.7942)
('PFC', 'Mar 2016', 5.5696)
('PFC', 'Mar 2017', 5.5094)
('PFC', 'Mar 2018', 11.0747)
('PFC', 'Mar 2019', 11.449)
('PFC', 'Mar 2020', 12.0761)
('PFC', 'Mar 2021', 10.8559)
('PFC', 'Mar 2022', 9.2147)
('PFC', 'Mar 2023', 8.9256)
('PFC', 'Mar 2024', 8.5219)
('PNB', 'Mar 2013', 10.8333)
('PNB', 'Mar 2013', 10.8333)
('PNB', 'Mar 2013', 10.8333)
('PNB', 'Mar 2013', 10.8333)
('PNB', 'Mar 2013', 10.8333)
('PNB', 'Mar 2014', 10.8223)
('PNB', 'Mar 2014', 10.8223)
('PNB', 'Mar 2014', 10.8223)
('PNB', 'Mar 2014', 10.8223)
('PNB', 'Mar 2014', 10.8223)
('PNB', 'Mar 2015', 10.4376)
('PNB', 'Mar 2015', 10.4376)
('PNB', 'Mar 2015', 10.4376)
('PNB', 'Mar 2015', 10.4376)
('PNB', 'Mar 2015', 10.4376)
('PNB', 'Mar 2016', 12.1221)
('PNB', 'Mar 2016', 12.1221)
('PNB', 'Mar 2016', 12.1221)
('PNB', 'Mar 2016', 12.1221)
('PNB', 'Mar 2016', 12.1221)
('PNB', 'Mar 2017', 6.3638)
('PNB', 'Mar 2017', 6.3638)
('PNB', 'Mar 2017', 6.3638)
('PNB', 'Mar 2017', 6.3638)
('PNB', 'Mar 2017', 6.3638)
('PNB', 'Mar 2018', 8.1865)
('PNB', 'Mar 2018', 8.1865)
('PNB', 'Mar 2018', 8.1865)
('PNB', 'Mar 2018', 8.1865)
('PNB', 'Mar 2018', 8.1865)
('PNB', 'Mar 2019', 9.665)
('PNB', 'Mar 2019', 9.665)
('PNB', 'Mar 2019', 9.665)
('PNB', 'Mar 2019', 9.665)
('PNB', 'Mar 2019', 9.665)
('PNB', 'Mar 2020', 8.5235)
('PNB', 'Mar 2020', 8.5235)
('PNB', 'Mar 2020', 8.5235)
('PNB', 'Mar 2020', 8.5235)
('PNB', 'Mar 2020', 8.5235)
('PNB', 'Mar 2021', 6.6983)
('PNB', 'Mar 2021', 6.6983)
('PNB', 'Mar 2021', 6.6983)
('PNB', 'Mar 2021', 6.6983)
('PNB', 'Mar 2021', 6.6983)
('PNB', 'Mar 2022', 5.4036)
('PNB', 'Mar 2022', 5.4036)
('PNB', 'Mar 2022', 5.4036)
('PNB', 'Mar 2022', 5.4036)
('PNB', 'Mar 2022', 5.4036)
('RECLTD', 'Mar 2013', 6.1473)
('RECLTD', 'Mar 2014', 6.0651)
('RECLTD', 'Mar 2015', 6.0218)
('RECLTD', 'Mar 2016', 5.8565)
('RECLTD', 'Mar 2018', 6.2712)
('RECLTD', 'Mar 2019', 7.0703)
('RECLTD', 'Mar 2020', 8.0879)
('RECLTD', 'Mar 2021', 7.5341)
('RECLTD', 'Mar 2022', 6.4903)
('RECLTD', 'Mar 2023', 6.5518)
('RECLTD', 'Mar 2024', 6.4249)
('SHRIRAMFIN', 'Mar 2015', 5.0394)
('SHRIRAMFIN', 'Mar 2018', 5.9993)
('SHRIRAMFIN', 'Mar 2019', 5.5074)
('SHRIRAMFIN', 'Mar 2020', 5.2219)
('UNIONBANK', 'Mar 2013', 16.6054)
('UNIONBANK', 'Mar 2014', 17.5528)
('UNIONBANK', 'Mar 2015', 17.7204)
('UNIONBANK', 'Mar 2016', 16.2597)
('UNIONBANK', 'Mar 2017', 17.3669)
('UNIONBANK', 'Mar 2018', 18.0567)
('UNIONBANK', 'Mar 2019', 17.1702)
('UNIONBANK', 'Mar 2020', 14.8617)
('UNIONBANK', 'Mar 2021', 15.1005)
('UNIONBANK', 'Mar 2022', 15.3203)
('UNIONBANK', 'Mar 2023', 14.7589)
('UNIONBANK', 'Mar 2024', 12.8237)

3. Interest Coverage < 1.5
('ADANIENSOL', 'Mar 2015', 1.4247)
('ADANIGREEN', 'Mar 2017', 1.4461)
('ADANIGREEN', 'Mar 2019', 1.4264)
('ADANIGREEN', 'Mar 2020', 1.3457)
('ADANIGREEN', 'Mar 2021', 1.3477)
('ADANIPOWER', 'Mar 2013', 0.69)
('ADANIPOWER', 'Mar 2014', 1.1365)
('ADANIPOWER', 'Mar 2015', 1.206)
('ADANIPOWER', 'Mar 2017', 0.3921)
('ADANIPOWER', 'Mar 2018', 1.1113)
('ADANIPOWER', 'Mar 2019', 1.3136)
('ADANIPOWER', 'Mar 2020', 1.1396)
('AXISBANK', 'Mar 2013', 1.2697)
('AXISBANK', 'Mar 2014', 1.3034)
('AXISBANK', 'Mar 2015', 1.3313)
('AXISBANK', 'Mar 2016', 1.4273)
('BAJFINANCE', 'Mar 2022', -700.6471)
('BAJFINANCE', 'Mar 2023', -2546.4)
('BHARTIARTL', 'Mar 2020', -0.0833)
('BHEL', 'Mar 2016', 0.375)
('BHEL', 'Mar 2020', 0.7455)
('BHEL', 'Mar 2021', -5.6874)
('DLF', 'Mar 2014', 1.4722)
('DLF', 'Mar 2019', 1.4219)
('HDFCBANK', 'Mar 2024', 1.4008)
('HINDALCO', 'Mar 2015', -114.7175)
('HINDALCO', 'Mar 2021', -115.9696)
('ICICIBANK', 'Mar 2013', 1.0795)
('ICICIBANK', 'Mar 2014', 1.0911)
('ICICIBANK', 'Mar 2015', 1.0989)
('ICICIBANK', 'Mar 2016', 1.24)
('ICICIBANK', 'Mar 2017', 1.2158)
('ICICIBANK', 'Mar 2018', 1.2804)
('ICICIBANK', 'Mar 2019', 1.4109)
('ICICIBANK', 'Mar 2020', 1.3134)
('ICICIBANK', 'Mar 2021', 1.2644)
('ICICIBANK', 'Mar 2022', 1.3)
('ICICIBANK', 'Mar 2023', 1.3492)
('ICICIBANK', 'Mar 2024', 1.3009)
('ICICIGI', 'Mar 2017', -3306.5)
('ICICIGI', 'Mar 2019', -4754.5)
('INDUSINDBK', 'Mar 2013', 1.4314)
('INDUSINDBK', 'Mar 2014', 1.3533)
('INDUSINDBK', 'Mar 2015', 1.2308)
('INDUSINDBK', 'Mar 2016', 1.2712)
('INDUSINDBK', 'Mar 2017', 1.3635)
('INDUSINDBK', 'Mar 2018', 1.3811)
('IRFC', 'Mar 2016', 1.3533)
('IRFC', 'Mar 2017', 1.3097)
('IRFC', 'Mar 2018', 1.3905)
('IRFC', 'Mar 2019', 1.3546)
('IRFC', 'Mar 2020', 1.3141)
('IRFC', 'Mar 2021', 1.3933)
('IRFC', 'Mar 2022', 1.4337)
('IRFC', 'Mar 2023', 1.3543)
('IRFC', 'Mar 2024', 1.3195)
('JINDALSTEL', 'Mar 2015', 1.4139)
('JINDALSTEL', 'Mar 2016', 1.032)
('JINDALSTEL', 'Mar 2017', 1.2633)
('JSWSTEEL', 'Mar 2016', 1.2374)
('KOTAKBANK', 'Mar 2013', 1.2883)
('KOTAKBANK', 'Mar 2014', 1.333)
('KOTAKBANK', 'Mar 2015', 1.189)
('KOTAKBANK', 'Mar 2017', 1.2705)
('KOTAKBANK', 'Mar 2018', 1.2271)
('KOTAKBANK', 'Mar 2019', 1.2225)
('KOTAKBANK', 'Mar 2020', 1.3357)
('KOTAKBANK', 'Mar 2021', 1.2626)
('KOTAKBANK', 'Mar 2022', 1.2299)
('KOTAKBANK', 'Mar 2023', 1.2878)
('KOTAKBANK', 'Mar 2024', 1.2364)
('LODHA', 'Mar 2021', 1.0942)
('NAUKRI', 'Mar 2020', -4.5714)
('PFC', 'Mar 2013', 0.5456)
('PFC', 'Mar 2014', 0.5845)
('PFC', 'Mar 2015', 0.547)
('PFC', 'Mar 2016', 0.5515)
('PFC', 'Mar 2017', 0.3164)
('PFC', 'Mar 2018', 0.3894)
('PFC', 'Mar 2019', 0.5163)
('PFC', 'Mar 2020', 0.3456)
('PFC', 'Mar 2021', 0.4457)
('PFC', 'Mar 2022', 0.5238)
('PFC', 'Mar 2023', 0.5646)
('PFC', 'Mar 2024', 0.5804)
('RECLTD', 'Mar 2018', 1.4473)
('RECLTD', 'Mar 2020', 1.3708)
('SHRIRAMFIN', 'Mar 2013', 0.707)
('SHRIRAMFIN', 'Mar 2014', 0.4732)
('SHRIRAMFIN', 'Mar 2015', 0.3598)
('SHRIRAMFIN', 'Mar 2016', 0.3591)
('SHRIRAMFIN', 'Mar 2017', 0.378)
('SHRIRAMFIN', 'Mar 2018', 0.6135)
('SHRIRAMFIN', 'Mar 2019', 0.5052)
('SHRIRAMFIN', 'Mar 2020', 0.4305)
('SHRIRAMFIN', 'Mar 2021', 0.3758)
('SHRIRAMFIN', 'Mar 2022', 0.377)
('SHRIRAMFIN', 'Mar 2023', 0.6788)
('SHRIRAMFIN', 'Mar 2024', 0.6767)
('TATAMOTORS', 'Mar 2019', -0.3511)
('TATASTEEL', 'Mar 2013', 1.3634)
('TRENT', 'Mar 2021', 1.1992)
('UNIONBANK', 'Mar 2013', 0.1817)
('UNIONBANK', 'Mar 2014', 0.1043)
('UNIONBANK', 'Mar 2015', 0.1262)
('UNIONBANK', 'Mar 2016', 0.084)
('UNIONBANK', 'Mar 2017', 0.0252)
('UNIONBANK', 'Mar 2018', -0.2658)
('UNIONBANK', 'Mar 2019', -0.1489)
('UNIONBANK', 'Mar 2020', -0.1445)
('UNIONBANK', 'Mar 2021', 0.0734)
('UNIONBANK', 'Mar 2022', 0.2317)
('UNIONBANK', 'Mar 2023', 0.2684)
('UNIONBANK', 'Mar 2024', 0.3536)

=====================================
Validation Completed Successfully.
=====================================
